\BOOKMARK [1][]{section.1}{\376\377\000I\000n\000t\000r\000o\000d\000u\000c\000t\000i\000o\000n}{}% 1
\BOOKMARK [1][]{section.2}{\376\377\000R\000e\000s\000u\000l\000t\000s}{}% 2
\BOOKMARK [2][]{subsection.2.1}{\376\377\000R\000u\000l\000e\000\040\000e\000n\000f\000o\000r\000c\000e\000m\000e\000n\000t\000\040\000i\000n\000\040\000t\000h\000e\000\040\000d\000r\000i\000f\000t\000\040\000d\000i\000f\000f\000u\000s\000i\000o\000n\000\040\000f\000r\000a\000m\000e\000w\000o\000r\000k}{section.2}% 3
\BOOKMARK [2][]{subsection.2.2}{\376\377\000T\000h\000e\000\040\000d\000e\000l\000i\000b\000e\000r\000a\000t\000i\000o\000n\000\040\000m\000o\000d\000e\000l\000:\000\040\000D\000o\000e\000s\000\040\000r\000e\000f\000l\000e\000c\000t\000i\000o\000n\000\040\000p\000r\000o\000m\000o\000t\000e\000\040\000t\000e\000x\000t\000u\000a\000l\000i\000s\000t\000\040\000i\000n\000t\000e\000r\000p\000r\000e\000t\000a\000t\000i\000o\000n\000?}{section.2}% 4
\BOOKMARK [2][]{subsection.2.3}{\376\377\000T\000h\000e\000\040\000a\000d\000a\000p\000t\000a\000t\000i\000o\000n\000\040\000m\000o\000d\000e\000l\000:\000\040\000D\000o\000e\000s\000\040\000t\000e\000x\000t\000u\000a\000l\000i\000s\000m\000\040\000d\000e\000v\000e\000l\000o\000p\000\040\000w\000i\000t\000h\000\040\000e\000x\000p\000e\000r\000i\000e\000n\000c\000e\000?}{section.2}% 5
\BOOKMARK [1][]{section.3}{\376\377\000D\000i\000s\000c\000u\000s\000s\000i\000o\000n}{}% 6
\BOOKMARK [1][]{section.4}{\376\377\000M\000e\000t\000h\000o\000d\000s}{}% 7
\BOOKMARK [2][]{subsection.4.1}{\376\377\000E\000x\000p\000e\000r\000i\000m\000e\000n\000t\000s\000\040\0001\000a\000,\000\040\0001\000b\000,\000\040\000a\000n\000d\000\040\0001\000c\000:\000\040\000V\000i\000o\000l\000a\000t\000i\000o\000n\000,\000\040\000c\000o\000m\000p\000l\000i\000a\000n\000c\000e\000\040\000a\000n\000d\000\040\000p\000u\000n\000i\000s\000h\000m\000e\000n\000t}{section.4}% 8
\BOOKMARK [3][]{section*.2}{\376\377\000P\000a\000r\000t\000i\000c\000i\000p\000a\000n\000t\000s\000.}{subsection.4.1}% 9
\BOOKMARK [4][]{section*.3}{\376\377\000D\000e\000s\000i\000g\000n\000\040\000a\000n\000d\000\040\000P\000r\000o\000c\000e\000d\000u\000r\000e\000.}{section*.2}% 10
\BOOKMARK [4][]{section*.4}{\376\377\000A\000n\000a\000l\000y\000s\000i\000s\000.}{section*.2}% 11
\BOOKMARK [2][]{subsection.4.2}{\376\377\000E\000x\000p\000e\000r\000i\000m\000e\000n\000t\000\040\0002\000:\000\040\000C\000r\000o\000s\000s\000-\000t\000a\000s\000k\000\040\000c\000o\000r\000r\000e\000l\000a\000t\000i\000o\000n\000s}{section.4}% 12
\BOOKMARK [3][]{section*.5}{\376\377\000P\000a\000r\000t\000i\000c\000i\000p\000a\000n\000t\000s\000.}{subsection.4.2}% 13
\BOOKMARK [4][]{section*.6}{\376\377\000D\000e\000s\000i\000g\000n\000\040\000a\000n\000d\000\040\000P\000r\000o\000c\000e\000d\000u\000r\000e\000.}{section*.5}% 14
\BOOKMARK [4][]{section*.7}{\376\377\000A\000n\000a\000l\000y\000s\000i\000s\000.}{section*.5}% 15
\BOOKMARK [2][]{subsection.4.3}{\376\377\000E\000x\000p\000e\000r\000i\000m\000e\000n\000t\000\040\0003\000a\000:\000\040\000S\000p\000e\000e\000d\000\040\000v\000s\000.\000\040\000a\000c\000c\000u\000r\000a\000c\000y\000\040\000i\000n\000s\000t\000r\000u\000c\000t\000i\000o\000n\000s}{section.4}% 16
\BOOKMARK [3][]{section*.8}{\376\377\000P\000a\000r\000t\000i\000c\000i\000p\000a\000n\000t\000s\000.}{subsection.4.3}% 17
\BOOKMARK [4][]{section*.9}{\376\377\000D\000e\000s\000i\000g\000n\000\040\000a\000n\000d\000\040\000P\000r\000o\000c\000e\000d\000u\000r\000e\000.}{section*.8}% 18
\BOOKMARK [4][]{section*.10}{\376\377\000A\000n\000a\000l\000y\000s\000i\000s\000.}{section*.8}% 19
\BOOKMARK [2][]{subsection.4.4}{\376\377\000E\000x\000p\000e\000r\000i\000m\000e\000n\000t\000\040\0003\000b\000:\000\040\000P\000r\000o\000p\000o\000r\000t\000i\000o\000n\000\040\000o\000f\000\040\000c\000o\000n\000g\000r\000u\000e\000n\000c\000y\000\040\000m\000a\000n\000i\000p\000u\000l\000a\000t\000i\000o\000n}{section.4}% 20
\BOOKMARK [3][]{section*.11}{\376\377\000P\000a\000r\000t\000i\000c\000i\000p\000a\000n\000t\000s\000.}{subsection.4.4}% 21
\BOOKMARK [4][]{section*.12}{\376\377\000D\000e\000s\000i\000g\000n\000\040\000a\000n\000d\000\040\000P\000r\000o\000c\000e\000d\000u\000r\000e\000.}{section*.11}% 22
\BOOKMARK [4][]{section*.13}{\376\377\000A\000n\000a\000l\000y\000s\000i\000s\000.}{section*.11}% 23
\BOOKMARK [2][]{subsection.4.5}{\376\377\000E\000x\000p\000e\000r\000i\000m\000e\000n\000t\000\040\0004\000a\000:\000\040\000T\000a\000s\000k\000\040\000e\000x\000p\000e\000r\000i\000e\000n\000c\000e\000\040\000v\000s\000.\000\040\000e\000x\000e\000c\000u\000t\000i\000v\000e\000\040\000d\000e\000m\000a\000n\000d\000s\000\040\000\050\000b\000e\000t\000w\000e\000e\000n\000-\000s\000u\000b\000j\000e\000c\000t\000s\000\051}{section.4}% 24
\BOOKMARK [3][]{section*.14}{\376\377\000P\000a\000r\000t\000i\000c\000i\000p\000a\000n\000t\000s\000.}{subsection.4.5}% 25
\BOOKMARK [4][]{section*.15}{\376\377\000D\000e\000s\000i\000g\000n\000\040\000a\000n\000d\000\040\000P\000r\000o\000c\000e\000d\000u\000r\000e\000.}{section*.14}% 26
\BOOKMARK [4][]{section*.16}{\376\377\000A\000n\000a\000l\000y\000s\000i\000s\000.}{section*.14}% 27
\BOOKMARK [2][]{subsection.4.6}{\376\377\000E\000x\000p\000e\000r\000i\000m\000e\000n\000t\000\040\0004\000b\000:\000\040\000T\000a\000s\000k\000\040\000e\000x\000p\000e\000r\000i\000e\000n\000c\000e\000\040\000v\000s\000.\000\040\000e\000x\000e\000c\000u\000t\000i\000v\000e\000\040\000d\000e\000m\000a\000n\000d\000s\000\040\000\050\000p\000r\000e\000-\000t\000o\000-\000p\000o\000s\000t\000\040\000c\000h\000a\000n\000g\000e\000\051}{section.4}% 28
\BOOKMARK [3][]{section*.17}{\376\377\000P\000a\000r\000t\000i\000c\000i\000p\000a\000n\000t\000s\000.}{subsection.4.6}% 29
\BOOKMARK [4][]{section*.18}{\376\377\000D\000e\000s\000i\000g\000n\000\040\000a\000n\000d\000\040\000P\000r\000o\000c\000e\000d\000u\000r\000e\000.}{section*.17}% 30
\BOOKMARK [4][]{section*.19}{\376\377\000A\000n\000a\000l\000y\000s\000i\000s\000.}{section*.17}% 31
